// Jest Snapshot v1, https://goo.gl/fbAQLP

exports[`AccountList rendering AccountList is rendered correctly 1`] = `
Object {
  "asFragment": [Function],
  "baseElement": <body>
    <div>
      <div
        class="root"
      >
        <div
          class="MuiPaper-root root MuiPaper-elevation6 MuiPaper-rounded"
        >
          <div
            class="MuiTableContainer-root container"
          >
            <table
              aria-label="sticky table"
              class="MuiTable-root MuiTable-stickyHeader"
            >
              <thead
                class="MuiTableHead-root"
              >
                <tr
                  class="MuiTableRow-root MuiTableRow-head"
                >
                  <th
                    class="MuiTableCell-root MuiTableCell-head MuiTableCell-alignCenter MuiTableCell-stickyHeader"
                    scope="col"
                  >
                    Name
                  </th>
                  <th
                    class="MuiTableCell-root MuiTableCell-head MuiTableCell-alignCenter MuiTableCell-stickyHeader"
                    scope="col"
                  >
                    Value
                  </th>
                  <th
                    class="MuiTableCell-root MuiTableCell-head MuiTableCell-alignCenter MuiTableCell-stickyHeader"
                    scope="col"
                  >
                    Description
                  </th>
                </tr>
              </thead>
              <tbody
                class="MuiTableBody-root"
              >
                <tr
                  class="MuiTableRow-root MuiTableRow-hover"
                  role="checkbox"
                  tabindex="-1"
                >
                  <td
                    class="MuiTableCell-root MuiTableCell-body MuiTableCell-alignCenter"
                  >
                    myAccount
                  </td>
                  <td
                    class="MuiTableCell-root MuiTableCell-body MuiTableCell-alignCenter"
                  >
                    CHF
                     
                    100
                  </td>
                  <td
                    class="MuiTableCell-root MuiTableCell-body MuiTableCell-alignCenter"
                  >
                    This is a description.
                  </td>
                </tr>
                <tr
                  class="MuiTableRow-root MuiTableRow-hover"
                  role="checkbox"
                  tabindex="-1"
                >
                  <td
                    class="MuiTableCell-root MuiTableCell-body MuiTableCell-alignCenter"
                  >
                    myAccount2
                  </td>
                  <td
                    class="MuiTableCell-root MuiTableCell-body MuiTableCell-alignCenter"
                  >
                    USD
                     
                    200
                  </td>
                  <td
                    class="MuiTableCell-root MuiTableCell-body MuiTableCell-alignCenter"
                  />
                </tr>
              </tbody>
            </table>
          </div>
        </div>
      </div>
    </div>
  </body>,
  "container": <div>
    <div
      class="root"
    >
      <div
        class="MuiPaper-root root MuiPaper-elevation6 MuiPaper-rounded"
      >
        <div
          class="MuiTableContainer-root container"
        >
          <table
            aria-label="sticky table"
            class="MuiTable-root MuiTable-stickyHeader"
          >
            <thead
              class="MuiTableHead-root"
            >
              <tr
                class="MuiTableRow-root MuiTableRow-head"
              >
                <th
                  class="MuiTableCell-root MuiTableCell-head MuiTableCell-alignCenter MuiTableCell-stickyHeader"
                  scope="col"
                >
                  Name
                </th>
                <th
                  class="MuiTableCell-root MuiTableCell-head MuiTableCell-alignCenter MuiTableCell-stickyHeader"
                  scope="col"
                >
                  Value
                </th>
                <th
                  class="MuiTableCell-root MuiTableCell-head MuiTableCell-alignCenter MuiTableCell-stickyHeader"
                  scope="col"
                >
                  Description
                </th>
              </tr>
            </thead>
            <tbody
              class="MuiTableBody-root"
            >
              <tr
                class="MuiTableRow-root MuiTableRow-hover"
                role="checkbox"
                tabindex="-1"
              >
                <td
                  class="MuiTableCell-root MuiTableCell-body MuiTableCell-alignCenter"
                >
                  myAccount
                </td>
                <td
                  class="MuiTableCell-root MuiTableCell-body MuiTableCell-alignCenter"
                >
                  CHF
                   
                  100
                </td>
                <td
                  class="MuiTableCell-root MuiTableCell-body MuiTableCell-alignCenter"
                >
                  This is a description.
                </td>
              </tr>
              <tr
                class="MuiTableRow-root MuiTableRow-hover"
                role="checkbox"
                tabindex="-1"
              >
                <td
                  class="MuiTableCell-root MuiTableCell-body MuiTableCell-alignCenter"
                >
                  myAccount2
                </td>
                <td
                  class="MuiTableCell-root MuiTableCell-body MuiTableCell-alignCenter"
                >
                  USD
                   
                  200
                </td>
                <td
                  class="MuiTableCell-root MuiTableCell-body MuiTableCell-alignCenter"
                />
              </tr>
            </tbody>
          </table>
        </div>
      </div>
    </div>
  </div>,
  "debug": [Function],
  "findAllByAltText": [Function],
  "findAllByDisplayValue": [Function],
  "findAllByLabelText": [Function],
  "findAllByPlaceholderText": [Function],
  "findAllByRole": [Function],
  "findAllByTestId": [Function],
  "findAllByText": [Function],
  "findAllByTitle": [Function],
  "findByAltText": [Function],
  "findByDisplayValue": [Function],
  "findByLabelText": [Function],
  "findByPlaceholderText": [Function],
  "findByRole": [Function],
  "findByTestId": [Function],
  "findByText": [Function],
  "findByTitle": [Function],
  "getAllByAltText": [Function],
  "getAllByDisplayValue": [Function],
  "getAllByLabelText": [Function],
  "getAllByPlaceholderText": [Function],
  "getAllByRole": [Function],
  "getAllByTestId": [Function],
  "getAllByText": [Function],
  "getAllByTitle": [Function],
  "getByAltText": [Function],
  "getByDisplayValue": [Function],
  "getByLabelText": [Function],
  "getByPlaceholderText": [Function],
  "getByRole": [Function],
  "getByTestId": [Function],
  "getByText": [Function],
  "getByTitle": [Function],
  "queryAllByAltText": [Function],
  "queryAllByDisplayValue": [Function],
  "queryAllByLabelText": [Function],
  "queryAllByPlaceholderText": [Function],
  "queryAllByRole": [Function],
  "queryAllByTestId": [Function],
  "queryAllByText": [Function],
  "queryAllByTitle": [Function],
  "queryByAltText": [Function],
  "queryByDisplayValue": [Function],
  "queryByLabelText": [Function],
  "queryByPlaceholderText": [Function],
  "queryByRole": [Function],
  "queryByTestId": [Function],
  "queryByText": [Function],
  "queryByTitle": [Function],
  "rerender": [Function],
  "unmount": [Function],
}
`;
