// Jest Snapshot v1, https://goo.gl/fbAQLP

exports[`AccountItem rendering AccountItem is rendered correctly 1`] = `
Object {
  "asFragment": [Function],
  "baseElement": <body>
    <div>
      <tr
        class="MuiTableRow-root MuiTableRow-hover css-1q1u3t4-MuiTableRow-root"
        role="checkbox"
        tabindex="-1"
      >
        <td
          class="MuiTableCell-root MuiTableCell-alignCenter MuiTableCell-sizeMedium css-1ce3qcx-MuiTableCell-root"
        >
          myAccount
        </td>
        <td
          class="MuiTableCell-root MuiTableCell-alignCenter MuiTableCell-sizeMedium css-1ce3qcx-MuiTableCell-root"
        >
          CHF
           
          100
        </td>
        <td
          class="MuiTableCell-root MuiTableCell-alignCenter MuiTableCell-sizeMedium css-1ce3qcx-MuiTableCell-root"
        >
          This is a description.
        </td>
      </tr>
    </div>
  </body>,
  "container": <div>
    <tr
      class="MuiTableRow-root MuiTableRow-hover css-1q1u3t4-MuiTableRow-root"
      role="checkbox"
      tabindex="-1"
    >
      <td
        class="MuiTableCell-root MuiTableCell-alignCenter MuiTableCell-sizeMedium css-1ce3qcx-MuiTableCell-root"
      >
        myAccount
      </td>
      <td
        class="MuiTableCell-root MuiTableCell-alignCenter MuiTableCell-sizeMedium css-1ce3qcx-MuiTableCell-root"
      >
        CHF
         
        100
      </td>
      <td
        class="MuiTableCell-root MuiTableCell-alignCenter MuiTableCell-sizeMedium css-1ce3qcx-MuiTableCell-root"
      >
        This is a description.
      </td>
    </tr>
  </div>,
  "debug": [Function],
  "findAllByAltText": [Function],
  "findAllByDisplayValue": [Function],
  "findAllByLabelText": [Function],
  "findAllByPlaceholderText": [Function],
  "findAllByRole": [Function],
  "findAllByTestId": [Function],
  "findAllByText": [Function],
  "findAllByTitle": [Function],
  "findByAltText": [Function],
  "findByDisplayValue": [Function],
  "findByLabelText": [Function],
  "findByPlaceholderText": [Function],
  "findByRole": [Function],
  "findByTestId": [Function],
  "findByText": [Function],
  "findByTitle": [Function],
  "getAllByAltText": [Function],
  "getAllByDisplayValue": [Function],
  "getAllByLabelText": [Function],
  "getAllByPlaceholderText": [Function],
  "getAllByRole": [Function],
  "getAllByTestId": [Function],
  "getAllByText": [Function],
  "getAllByTitle": [Function],
  "getByAltText": [Function],
  "getByDisplayValue": [Function],
  "getByLabelText": [Function],
  "getByPlaceholderText": [Function],
  "getByRole": [Function],
  "getByTestId": [Function],
  "getByText": [Function],
  "getByTitle": [Function],
  "queryAllByAltText": [Function],
  "queryAllByDisplayValue": [Function],
  "queryAllByLabelText": [Function],
  "queryAllByPlaceholderText": [Function],
  "queryAllByRole": [Function],
  "queryAllByTestId": [Function],
  "queryAllByText": [Function],
  "queryAllByTitle": [Function],
  "queryByAltText": [Function],
  "queryByDisplayValue": [Function],
  "queryByLabelText": [Function],
  "queryByPlaceholderText": [Function],
  "queryByRole": [Function],
  "queryByTestId": [Function],
  "queryByText": [Function],
  "queryByTitle": [Function],
  "rerender": [Function],
  "unmount": [Function],
}
`;
